# RAPPORT FORENSIQUE STRESS AUTHENTIQUE
**Date d'exécution**: 2025-09-07 21:41:27
**Timestamp Unix**: 1757281287
**Standards appliqués**: ISO/IEC 27037:2012, NIST SP 800-86, IEEE 1012-2016, RFC 6234:2025, POSIX.1-2017

## 001. RÉSULTATS TESTS STRESS AUTHENTIQUES

./execute_forensic_stress_authenticated.sh: line 34: ./bin/test_stress_authenticated: No such file or directory

## 020. MÉTRIQUES SYSTÈME
=== MÉTRIQUES SYSTÈME AUTHENTIQUES ===
Timestamp: 2025-09-07 21:41:27
Hostname: e7abd1d6c04f
Kernel: Linux e7abd1d6c04f 6.2.16 #1-NixOS SMP PREEMPT_DYNAMIC Tue Jan  1 00:00:00 UTC 1980 x86_64 GNU/Linux
CPU: model name	: AMD EPYC 7B13
Memory: MemTotal:       65856200 kB
Disk: Filesystem                                            Size  Used Avail Use% Mounted on
overlay                                                50G   34G   14G  72% /
/dev/nbd2                                              32G  4.0M   32G   1% /tmp
/dev/disk/by-label/nixos                               50G   34G   14G  72% /pid2
overlay                                                32G  4.0M   32G   1% /nix
/dev/disk/by-id/google-nixmodules-b023e33-us-west1-a   15G   15G     0 100% /mnt/nixmodules
shm                                                    64M     0   64M   0% /dev/shm
overlay                                                50G   34G   14G  72% /mnt/cacache/nix
overlay                                                50G   34G   14G  72% /mnt/cacache/nix/store
overlay                                                32G  4.0M   32G   1% /home/runner
/dev/nbd32                                            256G   24M  254G   1% /home/runner/workspace
/dev/nbd32                                            256G   24M  254G   1% /mnt/nix
overlay                                               256G   24M  254G   1% /nix/store
Load:  21:41:27  up 1 day 10:31,  0 users,  load average: 5.01, 5.92, 6.67
