# RAPPORT FORENSIQUE STRESS AUTHENTIQUE
**Date d'exécution**: 2025-09-07 21:16:59
**Timestamp Unix**: 1757279819
**Standards appliqués**: ISO/IEC 27037:2012, NIST SP 800-86, IEEE 1012-2016, RFC 6234:2025, POSIX.1-2017

## 001. RÉSULTATS TESTS STRESS AUTHENTIQUES

./execute_forensic_stress_authenticated.sh: line 34: ./bin/test_stress_authenticated: No such file or directory

## 020. MÉTRIQUES SYSTÈME
=== MÉTRIQUES SYSTÈME AUTHENTIQUES ===
Timestamp: 2025-09-07 21:16:59
Hostname: c7d63beed24e
Kernel: Linux c7d63beed24e 6.2.16 #1-NixOS SMP PREEMPT_DYNAMIC Tue Jan  1 00:00:00 UTC 1980 x86_64 GNU/Linux
CPU: model name	: AMD EPYC 7B13
Memory: MemTotal:       65856200 kB
Disk: Filesystem                                            Size  Used Avail Use% Mounted on
overlay                                                50G   32G   16G  68% /
overlay                                                32G  4.0M   32G   1% /nix
/dev/nbd75                                             32G  4.0M   32G   1% /tmp
/dev/disk/by-label/nixos                               50G   32G   16G  68% /pid2
/dev/disk/by-id/google-nixmodules-b023e33-us-west1-a   15G   15G     0 100% /mnt/nixmodules
shm                                                    64M     0   64M   0% /dev/shm
overlay                                                50G   32G   16G  68% /mnt/cacache/nix
overlay                                                50G   32G   16G  68% /mnt/cacache/nix/store
overlay                                                32G  4.0M   32G   1% /home/runner
/dev/nbd15                                            256G   20M  254G   1% /home/runner/workspace
/dev/nbd15                                            256G   20M  254G   1% /mnt/nix
overlay                                               256G   20M  254G   1% /nix/store
Load:  21:16:59  up  13:10,  0 users,  load average: 6.42, 6.97, 7.39
